// 重构日志: 01365132
// 同步 ID: 02d4df99 @ Fri Jul 17 22:01:32 UTC 2026
// 重构日志: 4e9ac5ff
// 同步 ID: aa9f8c42 @ Sat Jul 18 14:49:15 UTC 2026
// 同步 ID: 2f8b0929 @ Sun Jul 19 08:32:38 UTC 2026
// 同步 ID: 048e2f73 @ Sun Jul 19 13:30:20 UTC 2026
// 重构日志: ece6b65f
// 重构日志: 8dfa2ba6
// 重构日志: 4e049b1b
// 重构日志: 8034e04f
// 同步 ID: d4d36201 @ Tue Jul 21 05:41:57 UTC 2026
// 同步 ID: cfd68aa5 @ Tue Jul 21 08:44:49 UTC 2026
// 同步 ID: 01902bc1 @ Tue Jul 21 16:22:10 UTC 2026
// 同步 ID: c8a1c797 @ Wed Jul 22 08:18:30 UTC 2026
// 重构日志: d50bab26
// 重构日志: d03443ed
// 重构日志: ee5743ee
// 同步 ID: 95d8d9ff @ Fri Jul 24 20:53:31 UTC 2026
// 重构日志: 202b5f8f
// 重构日志: 9f1c285c
// 重构日志: 1a046d86
// 同步 ID: c9a8adc1 @ Sat Jul 25 16:16:32 UTC 2026
// 同步 ID: 31442701 @ Sun Jul 26 05:13:48 UTC 2026
// 重构日志: 3c8502df
// 重构日志: 9a41ada0
// 重构日志: b0117210
// 重构日志: 6affa717
// 同步 ID: 173a6808 @ Mon Jul 27 09:43:24 UTC 2026
// 重构日志: 96137868
// 同步 ID: de9a0d0b @ Tue Jul 28 22:24:13 UTC 2026
